// Jest Snapshot v1, https://goo.gl/fbAQLP

exports[`CertificateUpload should render correctly 1`] = `
<body>
  <div>
    <div
      class="MuiBox-root css-1qj0fvz"
      id="certificate-upload"
    >
      <div
        class="MuiInputBase-root MuiInput-root MuiInput-underline MuiInputBase-colorPrimary css-1g6u8k6-MuiInputBase-root-MuiInput-root"
      >
        <input
          class="MuiInputBase-input MuiInput-input css-1x51dt5-MuiInputBase-input-MuiInput-input"
          data-testid="input-file-upload"
          id="input-file-upload"
          type="file"
          value=""
        />
      </div>
      <label
        aria-label="Upload file"
        class="MuiFormLabel-root MuiInputLabel-root MuiInputLabel-animated MuiFormLabel-colorPrimary MuiInputLabel-root MuiInputLabel-animated css-z5ab98-MuiFormLabel-root-MuiInputLabel-root"
        for="input-file-upload"
        id="label-file-upload"
      >
        <div
          class="css-hnuxw1-MuiStack-root"
        >
          <div
            class="css-1q46w03-MuiStack-root"
          >
            <img
              class="MuiBox-root css-eu33wj"
              src="OpenBox.svg"
            />
            <h6
              class="MuiTypography-root MuiTypography-h6 css-n8wto6-MuiTypography-root"
              tabindex="-1"
            >
              Drop your document to verify
            </h6>
            <div
              class="MuiBox-root css-0"
            >
              <p
                class="MuiTypography-root MuiTypography-body1 css-1sx1eu0-MuiTypography-root"
                tabindex="-1"
              >
                Or Â 
              </p>
              <div
                aria-controls="filename"
                aria-label="Select a file. Max 3MB"
                class="MuiBox-root css-13imy7l"
                role="button"
                tabindex="0"
              >
                Select a file
              </div>
            </div>
            <p
              class="MuiTypography-root MuiTypography-body1 css-ahj2mt-MuiTypography-root"
              tabindex="-1"
            >
              Max 3MB
            </p>
          </div>
        </div>
      </label>
    </div>
  </div>
</body>
`;
